{'text': 'Let\'s clarify this, as it depends on whether you\'re interacting with me directly or referring to an API platform.\n\n### If you are interacting with me (this AI):\n\n1.  **How many models can I use from you?**\n    You are currently interacting with **one** model – me! I am a single, large language model trained by Google. I don\'t offer a selection of different models for you to choose from within this direct interaction.\n\n2.  **Is a request of each model separated or same?**\n    Since you are interacting with a single model (me), all your requests are directed to this one model. There\'s no separation of requests across different models in this context.\n\n3.  **How many requests?**\n    When you interact with me directly in a conversational interface like this, there isn\'t a strict, publicly defined "number of requests" limit for individual users in the same way an API might have. However, there are general usage policies to ensure fair access and prevent abuse.\n\n### If you are referring to an API platform (like Google Cloud AI, OpenAI, Anthropic, etc.):\n\nThis is where your questions become more relevant:\n\n1.  **How many models can I use from you?**\n    API platforms typically offer **multiple models** with different capabilities, sizes, and costs. For example, Google Cloud AI offers models like Gemini, PaLM, Imagen, etc. OpenAI offers models like GPT-3.5, GPT-4, DALL-E, etc. The exact number and types of models depend entirely on the specific API provider you choose.\n\n2.  **Is a request of each model separated or same?**\n    **Separated.** When using an API, you explicitly specify which model you want to use for each request. For example, one API call might be to `model="gpt-4"` and another to `model="gpt-3.5-turbo"`. You don\'t typically make a single request that simultaneously calls multiple different models.\n\n3.  **How many requests?**\n    API platforms have **strict limits** on the number of requests you can make:\n    *   **Rate Limits:** These define how many requests you can make per minute (RPM) or tokens per minute (TPM). These vary by model, your subscription tier, and the provider.\n    *   **Usage Limits:** These are often tied to your billing plan (e.g., a certain number of tokens or requests per month before additional charges apply).\n\n**In summary:**\n\n*   **Interacting with me directly:** You use one model, all requests go to me, and there are general usage guidelines rather than strict request limits.\n*   **Using an API:** You can choose from multiple models, each request specifies a single model, and there are specific rate and usage limits defined by the API provider.', 'usage': {'prompt_tokens': 25, 'completion_tokens': 607, 'total_tokens': 1751}, 'model': 'gemini-2.5-flash'}